Calculating task graph as no configuration cache is available for tasks: help
