Calculating task graph as no configuration cache is available for tasks: someTask
> Task :someTask

BUILD SUCCESSFUL in 0s
1 actionable task: 1 executed
