Detailed task information for processUrl

Path
     :processUrl

Type
     UrlProcess (UrlProcess)

Options
     --output-type     Configures the output type.
                       Available values are:
                            CONSOLE
                            FILE

     --url     Configures the URL to be write to the output.

     --rerun     Causes the task to be re-run even if up-to-date.

Description
     -

Group
     -
